{"requests":[{"url":"ya.ru","body":null,"headers":{},"params":{},"method":"GET","perc":null}]}